
C:\Users\AXP13\Desktop\npCEmeshTallyV7.1ClaiborneTrubeySSlinerOolite7.75RPV\test\workdir.1>echo off 

C:\Users\AXP13\Desktop\npCEmeshTallyV7.1ClaiborneTrubeySSlinerOolite7.75RPV\test\workdir.2>echo off 

C:\Users\AXP13\Desktop\npCEmeshTallyV7.1ClaiborneTrubeySSlinerOolite7.75RPV\test\workdir.4>echo off 

C:\Users\AXP13\Desktop\npCEmeshTallyV7.1ClaiborneTrubeySSlinerOolite7.75RPV\test\workdir.3>echo off 

C:\Users\AXP13\Desktop\npCEmeshTallyV7.1ClaiborneTrubeySSlinerOolite7.75RPV\test\workdir.5>echo off 

C:\Users\AXP13\Desktop\npCEmeshTallyV7.1ClaiborneTrubeySSlinerOolite7.75RPV\test\workdir.7>echo off 

C:\Users\AXP13\Desktop\npCEmeshTallyV7.1ClaiborneTrubeySSlinerOolite7.75RPV\test\workdir.8>echo off 

C:\Users\AXP13\Desktop\npCEmeshTallyV7.1ClaiborneTrubeySSlinerOolite7.75RPV\test\workdir.6>echo off 

C:\Users\AXP13\Desktop\npCEmeshTallyV7.1ClaiborneTrubeySSlinerOolite7.75RPV\test\workdir.9>echo off 

C:\Users\AXP13\Desktop\npCEmeshTallyV7.1ClaiborneTrubeySSlinerOolite7.75RPV\test\workdir.10>echo off 

C:\Users\AXP13\Desktop\npCEmeshTallyV7.1ClaiborneTrubeySSlinerOolite7.75RPV\test\workdir.12>echo off 

C:\Users\AXP13\Desktop\npCEmeshTallyV7.1ClaiborneTrubeySSlinerOolite7.75RPV\test\workdir.11>echo off 

C:\Users\AXP13\Desktop\npCEmeshTallyV7.1ClaiborneTrubeySSlinerOolite7.75RPV\test\workdir.13>echo off 

C:\Users\AXP13\Desktop\npCEmeshTallyV7.1ClaiborneTrubeySSlinerOolite7.75RPV\test\workdir.14>echo off 

C:\Users\AXP13\Desktop\npCEmeshTallyV7.1ClaiborneTrubeySSlinerOolite7.75RPV\test\workdir.15>echo off 

C:\Users\AXP13\Desktop\npCEmeshTallyV7.1ClaiborneTrubeySSlinerOolite7.75RPV\test\workdir.16>echo off 

C:\Users\AXP13\Desktop\npCEmeshTallyV7.1ClaiborneTrubeySSlinerOolite7.75RPV\test\workdir.17>echo off 

C:\Users\AXP13\Desktop\npCEmeshTallyV7.1ClaiborneTrubeySSlinerOolite7.75RPV\test\workdir.18>echo off 

C:\Users\AXP13\Desktop\npCEmeshTallyV7.1ClaiborneTrubeySSlinerOolite7.75RPV\test\workdir.19>echo off 

C:\Users\AXP13\Desktop\npCEmeshTallyV7.1ClaiborneTrubeySSlinerOolite7.75RPV\test\workdir.20>echo off 

C:\Users\AXP13\Desktop\npCEmeshTallyV7.1ClaiborneTrubeySSlinerOolite7.75RPV\test\workdir.21>echo off 

C:\Users\AXP13\Desktop\npCEmeshTallyV7.1ClaiborneTrubeySSlinerOolite7.75RPV\test\workdir.22>echo off 

C:\Users\AXP13\Desktop\npCEmeshTallyV7.1ClaiborneTrubeySSlinerOolite7.75RPV\test\workdir.23>echo off 

C:\Users\AXP13\Desktop\npCEmeshTallyV7.1ClaiborneTrubeySSlinerOolite7.75RPV\test\workdir.24>echo off 

C:\Users\AXP13\Desktop\npCEmeshTallyV7.1ClaiborneTrubeySSlinerOolite7.75RPV\test\workdir.25>echo off 

C:\Users\AXP13\Desktop\npCEmeshTallyV7.1ClaiborneTrubeySSlinerOolite7.75RPV\test\workdir.26>echo off 

C:\Users\AXP13\Desktop\npCEmeshTallyV7.1ClaiborneTrubeySSlinerOolite7.75RPV\test\workdir.27>echo off 

C:\Users\AXP13\Desktop\npCEmeshTallyV7.1ClaiborneTrubeySSlinerOolite7.75RPV\test\workdir.28>echo off 

C:\Users\AXP13\Desktop\npCEmeshTallyV7.1ClaiborneTrubeySSlinerOolite7.75RPV\test\workdir.29>echo off 

C:\Users\AXP13\Desktop\npCEmeshTallyV7.1ClaiborneTrubeySSlinerOolite7.75RPV\test\workdir.30>echo off 

C:\Users\AXP13\Desktop\npCEmeshTallyV7.1ClaiborneTrubeySSlinerOolite7.75RPV\test\workdir.31>echo off 

C:\Users\AXP13\Desktop\npCEmeshTallyV7.1ClaiborneTrubeySSlinerOolite7.75RPV\test\workdir.32>echo off 

C:\Users\AXP13\Desktop\npCEmeshTallyV7.1ClaiborneTrubeySSlinerOolite7.75RPV\test\workdir.33>echo off 

C:\Users\AXP13\Desktop\npCEmeshTallyV7.1ClaiborneTrubeySSlinerOolite7.75RPV\test\workdir.34>echo off 

C:\Users\AXP13\Desktop\npCEmeshTallyV7.1ClaiborneTrubeySSlinerOolite7.75RPV\test\workdir.35>echo off 

C:\Users\AXP13\Desktop\npCEmeshTallyV7.1ClaiborneTrubeySSlinerOolite7.75RPV\test\workdir.36>echo off 

C:\Users\AXP13\Desktop\npCEmeshTallyV7.1ClaiborneTrubeySSlinerOolite7.75RPV\test\workdir.37>echo off 

C:\Users\AXP13\Desktop\npCEmeshTallyV7.1ClaiborneTrubeySSlinerOolite7.75RPV\test\workdir.38>echo off 

C:\Users\AXP13\Desktop\npCEmeshTallyV7.1ClaiborneTrubeySSlinerOolite7.75RPV\test\workdir.39>echo off 

C:\Users\AXP13\Desktop\npCEmeshTallyV7.1ClaiborneTrubeySSlinerOolite7.75RPV\test\workdir.40>echo off 

C:\Users\AXP13\Desktop\npCEmeshTallyV7.1ClaiborneTrubeySSlinerOolite7.75RPV\test\workdir.41>echo off 

C:\Users\AXP13\Desktop\npCEmeshTallyV7.1ClaiborneTrubeySSlinerOolite7.75RPV\test\workdir.42>echo off 

C:\Users\AXP13\Desktop\npCEmeshTallyV7.1ClaiborneTrubeySSlinerOolite7.75RPV\test\workdir.43>echo off 

C:\Users\AXP13\Desktop\npCEmeshTallyV7.1ClaiborneTrubeySSlinerOolite7.75RPV\test\workdir.44>echo off 

C:\Users\AXP13\Desktop\npCEmeshTallyV7.1ClaiborneTrubeySSlinerOolite7.75RPV\test\workdir.45>echo off 

C:\Users\AXP13\Desktop\npCEmeshTallyV7.1ClaiborneTrubeySSlinerOolite7.75RPV\test\workdir.46>echo off 

C:\Users\AXP13\Desktop\npCEmeshTallyV7.1ClaiborneTrubeySSlinerOolite7.75RPV\test\workdir.47>echo off 

C:\Users\AXP13\Desktop\npCEmeshTallyV7.1ClaiborneTrubeySSlinerOolite7.75RPV\test\workdir.48>echo off 

C:\Users\AXP13\Desktop\npCEmeshTallyV7.1ClaiborneTrubeySSlinerOolite7.75RPV\test\workdir.49>echo off 

C:\Users\AXP13\Desktop\npCEmeshTallyV7.1ClaiborneTrubeySSlinerOolite7.75RPV\test\workdir.50>echo off 

C:\Users\AXP13\Desktop\npCEmeshTallyV7.1ClaiborneTrubeySSlinerOolite7.75RPV\test\workdir.51>echo off 

C:\Users\AXP13\Desktop\npCEmeshTallyV7.1ClaiborneTrubeySSlinerOolite7.75RPV\test\workdir.52>echo off 

C:\Users\AXP13\Desktop\npCEmeshTallyV7.1ClaiborneTrubeySSlinerOolite7.75RPV\test\workdir.53>echo off 

C:\Users\AXP13\Desktop\npCEmeshTallyV7.1ClaiborneTrubeySSlinerOolite7.75RPV\test\workdir.54>echo off 

C:\Users\AXP13\Desktop\npCEmeshTallyV7.1ClaiborneTrubeySSlinerOolite7.75RPV\test\workdir.55>echo off 

C:\Users\AXP13\Desktop\npCEmeshTallyV7.1ClaiborneTrubeySSlinerOolite7.75RPV\test\workdir.56>echo off 

C:\Users\AXP13\Desktop\npCEmeshTallyV7.1ClaiborneTrubeySSlinerOolite7.75RPV\test\workdir.57>echo off 

C:\Users\AXP13\Desktop\npCEmeshTallyV7.1ClaiborneTrubeySSlinerOolite7.75RPV\test\workdir.58>echo off 

C:\Users\AXP13\Desktop\npCEmeshTallyV7.1ClaiborneTrubeySSlinerOolite7.75RPV\test\workdir.59>echo off 

C:\Users\AXP13\Desktop\npCEmeshTallyV7.1ClaiborneTrubeySSlinerOolite7.75RPV\test\workdir.60>echo off 

C:\Users\AXP13\Desktop\npCEmeshTallyV7.1ClaiborneTrubeySSlinerOolite7.75RPV\test\workdir.61>echo off 

C:\Users\AXP13\Desktop\npCEmeshTallyV7.1ClaiborneTrubeySSlinerOolite7.75RPV\test\workdir.62>echo off 

C:\Users\AXP13\Desktop\npCEmeshTallyV7.1ClaiborneTrubeySSlinerOolite7.75RPV\test\workdir.63>echo off 

C:\Users\AXP13\Desktop\npCEmeshTallyV7.1ClaiborneTrubeySSlinerOolite7.75RPV\test\workdir.64>echo off 

C:\Users\AXP13\Desktop\npCEmeshTallyV7.1ClaiborneTrubeySSlinerOolite7.75RPV\test\workdir.65>echo off 

C:\Users\AXP13\Desktop\npCEmeshTallyV7.1ClaiborneTrubeySSlinerOolite7.75RPV\test\workdir.66>echo off 

C:\Users\AXP13\Desktop\npCEmeshTallyV7.1ClaiborneTrubeySSlinerOolite7.75RPV\test\workdir.67>echo off 

C:\Users\AXP13\Desktop\npCEmeshTallyV7.1ClaiborneTrubeySSlinerOolite7.75RPV\test\workdir.68>echo off 

C:\Users\AXP13\Desktop\npCEmeshTallyV7.1ClaiborneTrubeySSlinerOolite7.75RPV\test\workdir.69>echo off 

C:\Users\AXP13\Desktop\npCEmeshTallyV7.1ClaiborneTrubeySSlinerOolite7.75RPV\test\workdir.70>echo off 

C:\Users\AXP13\Desktop\npCEmeshTallyV7.1ClaiborneTrubeySSlinerOolite7.75RPV\test\workdir.71>echo off 

C:\Users\AXP13\Desktop\npCEmeshTallyV7.1ClaiborneTrubeySSlinerOolite7.75RPV\test\workdir.72>echo off 

C:\Users\AXP13\Desktop\npCEmeshTallyV7.1ClaiborneTrubeySSlinerOolite7.75RPV\test\workdir.73>echo off 

C:\Users\AXP13\Desktop\npCEmeshTallyV7.1ClaiborneTrubeySSlinerOolite7.75RPV\test\workdir.74>echo off 

C:\Users\AXP13\Desktop\npCEmeshTallyV7.1ClaiborneTrubeySSlinerOolite7.75RPV\test\workdir.75>echo off 

C:\Users\AXP13\Desktop\npCEmeshTallyV7.1ClaiborneTrubeySSlinerOolite7.75RPV\test\workdir.76>echo off 

C:\Users\AXP13\Desktop\npCEmeshTallyV7.1ClaiborneTrubeySSlinerOolite7.75RPV\test\workdir.77>echo off 

C:\Users\AXP13\Desktop\npCEmeshTallyV7.1ClaiborneTrubeySSlinerOolite7.75RPV\test\workdir.78>echo off 

C:\Users\AXP13\Desktop\npCEmeshTallyV7.1ClaiborneTrubeySSlinerOolite7.75RPV\test\workdir.79>echo off 

C:\Users\AXP13\Desktop\npCEmeshTallyV7.1ClaiborneTrubeySSlinerOolite7.75RPV\test\workdir.80>echo off 

C:\Users\AXP13\Desktop\npCEmeshTallyV7.1ClaiborneTrubeySSlinerOolite7.75RPV\test\workdir.81>echo off 

C:\Users\AXP13\Desktop\npCEmeshTallyV7.1ClaiborneTrubeySSlinerOolite7.75RPV\test\workdir.82>echo off 

C:\Users\AXP13\Desktop\npCEmeshTallyV7.1ClaiborneTrubeySSlinerOolite7.75RPV\test\workdir.83>echo off 

C:\Users\AXP13\Desktop\npCEmeshTallyV7.1ClaiborneTrubeySSlinerOolite7.75RPV\test\workdir.84>echo off 

C:\Users\AXP13\Desktop\npCEmeshTallyV7.1ClaiborneTrubeySSlinerOolite7.75RPV\test\workdir.85>echo off 

C:\Users\AXP13\Desktop\npCEmeshTallyV7.1ClaiborneTrubeySSlinerOolite7.75RPV\test\workdir.86>echo off 

C:\Users\AXP13\Desktop\npCEmeshTallyV7.1ClaiborneTrubeySSlinerOolite7.75RPV\test\workdir.87>echo off 

C:\Users\AXP13\Desktop\npCEmeshTallyV7.1ClaiborneTrubeySSlinerOolite7.75RPV\test\workdir.88>echo off 

C:\Users\AXP13\Desktop\npCEmeshTallyV7.1ClaiborneTrubeySSlinerOolite7.75RPV\test\workdir.89>echo off 

C:\Users\AXP13\Desktop\npCEmeshTallyV7.1ClaiborneTrubeySSlinerOolite7.75RPV\test\workdir.90>echo off 

C:\Users\AXP13\Desktop\npCEmeshTallyV7.1ClaiborneTrubeySSlinerOolite7.75RPV\test\workdir.91>echo off 

C:\Users\AXP13\Desktop\npCEmeshTallyV7.1ClaiborneTrubeySSlinerOolite7.75RPV\test\workdir.92>echo off 

C:\Users\AXP13\Desktop\npCEmeshTallyV7.1ClaiborneTrubeySSlinerOolite7.75RPV\test\workdir.93>echo off 

C:\Users\AXP13\Desktop\npCEmeshTallyV7.1ClaiborneTrubeySSlinerOolite7.75RPV\test\workdir.94>echo off 

C:\Users\AXP13\Desktop\npCEmeshTallyV7.1ClaiborneTrubeySSlinerOolite7.75RPV\test\workdir.95>echo off 

C:\Users\AXP13\Desktop\npCEmeshTallyV7.1ClaiborneTrubeySSlinerOolite7.75RPV\test\workdir.96>echo off 

C:\Users\AXP13\Desktop\npCEmeshTallyV7.1ClaiborneTrubeySSlinerOolite7.75RPV\test\workdir.97>echo off 

C:\Users\AXP13\Desktop\npCEmeshTallyV7.1ClaiborneTrubeySSlinerOolite7.75RPV\test\workdir.98>echo off 

C:\Users\AXP13\Desktop\npCEmeshTallyV7.1ClaiborneTrubeySSlinerOolite7.75RPV\test\workdir.99>echo off 

C:\Users\AXP13\Desktop\npCEmeshTallyV7.1ClaiborneTrubeySSlinerOolite7.75RPV\test\workdir.100>echo off 

C:\Users\AXP13\Desktop\npCEmeshTallyV7.1ClaiborneTrubeySSlinerOolite7.75RPV\test\workdir.101>echo off 

C:\Users\AXP13\Desktop\npCEmeshTallyV7.1ClaiborneTrubeySSlinerOolite7.75RPV\test\workdir.102>echo off 

C:\Users\AXP13\Desktop\npCEmeshTallyV7.1ClaiborneTrubeySSlinerOolite7.75RPV\test\workdir.103>echo off 

C:\Users\AXP13\Desktop\npCEmeshTallyV7.1ClaiborneTrubeySSlinerOolite7.75RPV\test\workdir.104>echo off 

C:\Users\AXP13\Desktop\npCEmeshTallyV7.1ClaiborneTrubeySSlinerOolite7.75RPV\test\workdir.105>echo off 

C:\Users\AXP13\Desktop\npCEmeshTallyV7.1ClaiborneTrubeySSlinerOolite7.75RPV\test\workdir.106>echo off 

C:\Users\AXP13\Desktop\npCEmeshTallyV7.1ClaiborneTrubeySSlinerOolite7.75RPV\test\workdir.107>echo off 

C:\Users\AXP13\Desktop\npCEmeshTallyV7.1ClaiborneTrubeySSlinerOolite7.75RPV\test\workdir.108>echo off 

C:\Users\AXP13\Desktop\npCEmeshTallyV7.1ClaiborneTrubeySSlinerOolite7.75RPV\test\workdir.109>echo off 

C:\Users\AXP13\Desktop\npCEmeshTallyV7.1ClaiborneTrubeySSlinerOolite7.75RPV\test\workdir.110>echo off 

C:\Users\AXP13\Desktop\npCEmeshTallyV7.1ClaiborneTrubeySSlinerOolite7.75RPV\test\workdir.111>echo off 

C:\Users\AXP13\Desktop\npCEmeshTallyV7.1ClaiborneTrubeySSlinerOolite7.75RPV\test\workdir.112>echo off 

C:\Users\AXP13\Desktop\npCEmeshTallyV7.1ClaiborneTrubeySSlinerOolite7.75RPV\test\workdir.113>echo off 

C:\Users\AXP13\Desktop\npCEmeshTallyV7.1ClaiborneTrubeySSlinerOolite7.75RPV\test\workdir.114>echo off 

C:\Users\AXP13\Desktop\npCEmeshTallyV7.1ClaiborneTrubeySSlinerOolite7.75RPV\test\workdir.115>echo off 

C:\Users\AXP13\Desktop\npCEmeshTallyV7.1ClaiborneTrubeySSlinerOolite7.75RPV\test\workdir.116>echo off 

C:\Users\AXP13\Desktop\npCEmeshTallyV7.1ClaiborneTrubeySSlinerOolite7.75RPV\test\workdir.117>echo off 

C:\Users\AXP13\Desktop\npCEmeshTallyV7.1ClaiborneTrubeySSlinerOolite7.75RPV\test\workdir.118>echo off 

C:\Users\AXP13\Desktop\npCEmeshTallyV7.1ClaiborneTrubeySSlinerOolite7.75RPV\test\workdir.119>echo off 

C:\Users\AXP13\Desktop\npCEmeshTallyV7.1ClaiborneTrubeySSlinerOolite7.75RPV\test\workdir.120>echo off 
